// Jest Snapshot v1, https://goo.gl/fbAQLP

exports[`Test <AddCategory /> Debe mostrarse correctamente 1`] = `
<form
  action=""
  onSubmit={[Function]}
>
  <input
    autoFocus={true}
    onChange={[Function]}
    placeholder="Ingrese un anime"
    type="text"
    value=""
  />
</form>
`;
